
[1m[46m RUN [49m[22m [36mv4.1.2 [39m[90mC:/Users/vidar/.gemini/antigravity/scratch/yutai-manager[39m

 [31m❯[39m src/components/PortfolioManager.test.tsx [2m([22m[2m2 tests[22m[2m | [22m[31m2 failed[39m[2m)[22m[32m 100[2mms[22m[39m
[31m     [31m×[31m SHOULD include Authorization header in fetch request if session exists[39m[32m 81[2mms[22m[39m
[31m     [31m×[31m SHOULD NOT include Authorization header if no session exists[39m[32m 16[2mms[22m[39m
node.exe : 
発生場所 行:1 文字:1
+ & "C:\Program Files\nodejs/node.exe" "C:\Pro
gram Files\nodejs/node_mo ...
+ ~~~~~~~~~~~~~~~~~~~~~~~~~~~~~~~~~~~~~~~~~~~~
~~~~~~~~~~~~~~~~~~~~~~~~~
    + CategoryInfo          : NotSpecified: ( 
   :String) [], RemoteException
    + FullyQualifiedErrorId : NativeCommandEr 
   ror
 
[31m⎯⎯⎯⎯⎯⎯⎯[39m[1m[41m Failed Tests 2 [49
m[22m[31m⎯⎯⎯⎯⎯⎯⎯[39m

[41m[1m FAIL [22m[49m src/components/Portf
olioManager.test.tsx[2m > [22mPortfolioManag
er AI Lookup[2m > [22mSHOULD include Authori
zation header in fetch request if session exis
ts
[31m[1mTestingLibraryElementError[22m[39m:
 Unable to find an element with the text: AIで優
待情報を検索. This could be because the text is brok
en up by multiple elements. In this case, you 
can provide a function for your text matcher t
o make your matcher more flexible.

Ignored nodes: comments, script, style
[36m<body>[39m
  [36m<div>[39m
    [36m<div[39m
      [33mclass[39m=[32m"bg-white shadow-sm
 border border-slate-200 rounded-2xl p-6"[39m
    [36m>[39m
      [36m<div[39m
        [33mclass[39m=[32m"flex items-cente
r justify-between mb-4"[39m
      [36m>[39m
        [36m<h2[39m
          [33mclass[39m=[32m"text-xl font-s
emibold text-slate-900"[39m
        [36m>[39m
          [0m保有銘柄[0m
        [36m</h2>[39m
        [36m<button[39m
          [33mclass[39m=[32m"flex items-cen
ter gap-2 px-4 py-2 rounded-xl bg-gradient-to-
r from-cyan-500 to-blue-500 text-white font-me
dium text-sm hover:from-cyan-400 hover:to-blue
-400 transition-all shadow-lg shadow-cyan-500/
25"[39m
        [36m>[39m
          [36m<svg[39m
            [33maria-hidden[39m=[32m"true"
[39m
            [33mclass[39m=[32m"lucide lucid
e-plus w-4 h-4"[39m
            [33mfill[39m=[32m"none"[39m
            [33mheight[39m=[32m"24"[39m
            [33mstroke[39m=[32m"currentColo
r"[39m
            [33mstroke-linecap[39m=[32m"rou
nd"[39m
            [33mstroke-linejoin[39m=[32m"ro
und"[39m
            [33mstroke-width[39m=[32m"2"[3
9m
            [33mviewBox[39m=[32m"0 0 24 24"
[39m
            [33mwidth[39m=[32m"24"[39m
            [33mxmlns[39m=[32m"http://www.w
3.org/2000/svg"[39m
          [36m>[39m
            [36m<path[39m
              [33md[39m=[32m"M5 12h14"[39m
            [36m/>[39m
            [36m<path[39m
              [33md[39m=[32m"M12 5v14"[39m
            [36m/>[39m
          [36m</svg>[39m
          [0m銘柄を追加[0m
        [36m</button>[39m
      [36m</div>[39m
      [36m<div[39m
        [33mclass[39m=[32m"text-center py-1
2"[39m
      [36m>[39m
        [36m<p[39m
          [33mclass[39m=[32m"text-slate-400
 mb-2"[39m
        [36m>[39m
          [0mまだ銘柄が登録されていません[0m
        [36m</p>[39m
        [36m<p[39m
          [33mclass[39m=[32m"text-slate-300
 text-sm"[39m
        [36m>[39m
          [0m「銘柄を追加」から保有株を登録してください[0m
        [36m</p>[39m
      [36m</div>[39m
    [36m</div>[39m
    [36m<div[39m
      [33mclass[39m=[32m"fixed inset-0 bg-s
late-900/40 backdrop-blur-sm flex items-center
 justify-center p-4 z-[9999]"[39m
    [36m>[39m
      [36m<div[39m
        [33mclass[39m=[32m"bg-white border 
border-slate-200 rounded-2xl p-6 max-w-lg w-fu
ll max-h-[90vh] overflow-y-auto shadow-2xl"[3
9m
      [36m>[39m
        [36m<div[39m
          [33mclass[39m=[32m"flex items-cen
ter justify-between mb-6"[39m
        [36m>[39m
          [36m<h3[39m
            [33mclass[39m=[32m"text-xl font
-semibold text-slate-900"[39m
          [36m>[39m
            [0m銘柄を追加[0m
          [36m</h3>[39m
          [36m<button[39m
            [33mclass[39m=[32m"p-2 rounded-
lg text-slate-400 hover:bg-slate-100"[39m
          [36m>[39m
            [36m<svg[39m
              [33maria-hidden[39m=[32m"true
"[39m
              [33mclass[39m=[32m"lucide luc
ide-x w-5 h-5"[39m
              [33mfill[39m=[32m"none"[39m
              [33mheight[39m=[32m"24"[39m
              [33mstroke[39m=[32m"currentCo
lor"[39m
              [33mstroke-linecap[39m=[32m"r
ound"[39m
              [33mstroke-linejoin[39m=[32m"
round"[39m
              [33mstroke-width[39m=[32m"2"
[39m
              [33mviewBox[39m=[32m"0 0 24 2
4"[39m
              [33mwidth[39m=[32m"24"[39m
              [33mxmlns[39m=[32m"http://www
.w3.org/2000/svg"[39m
            [36m>[39m
              [36m<path[39m
                [33md[39m=[32m"M18 6 6 18"
[39m
              [36m/>[39m
              [36m<path[39m
                [33md[39m=[32m"m6 6 12 12"
[39m
              [36m/>[39m
            [36m</svg>[39m
          [36m</button>[39m
        [36m</div>[39m
        [36m<div[39m
          [33mclass[39m=[32m"relative mb-4"
[39m
        [36m>[39m
          [36m<svg[39m
            [33maria-hidden[39m=[32m"true"
[39m
            [33mclass[39m=[32m"lucide lucid
e-search absolute left-3 top-1/2 -translate-y-
1/2 w-5 h-5 text-slate-400"[39m
            [33mfill[39m=[32m"none"[39m
            [33mheight[39m=[32m"24"[39m
            [33mstroke[39m=[32m"currentColo
r"[39m
            [33mstroke-linecap[39m=[32m"rou
nd"[39m
            [33mstroke-linejoin[39m=[32m"ro
und"[39m
            [33mstroke-width[39m=[32m"2"[3
9m
            [33mviewBox[39m=[32m"0 0 24 24"
[39m
            [33mwidth[39m=[32m"24"[39m
            [33mxmlns[39m=[32m"http://www.w
3.org/2000/svg"[39m
          [36m>[39m
            [36m<path[39m
              [33md[39m=[32m"m21 21-4.34-4.
34"[39m
            [36m/>[39m
            [36m<circle[39m
              [33mcx[39m=[32m"11"[39m
              [33mcy[39m=[32m"11"[39m
              [33mr[39m=[32m"8"[39m
            [36m/>[39m
          [36m</svg>[39m
          [36m<input[39m
            [33mclass[39m=[32m"w-full pl-10
 pr-4 py-3 rounded-xl bg-slate-50 border borde
r-slate-200 text-slate-900 placeholder-slate-4
00 focus:outline-none focus:ring-2 focus:ring-
cyan-500/50"[39m
            [33mplaceholder[39m=[32m"例: 270
2, マクドナルド"[39m
            [33mtype[39m=[32m"text"[39m
            [33mvalue[39m=[32m"2702"[39m
          [36m/>[39m
        [36m</div>[39m
        [36m<div[39m
          [33mclass[39m=[32m"mb-4 bg-white 
rounded-xl border border-slate-200 divide-y di
vide-slate-100 shadow-sm overflow-hidden"[39m
        [36m>[39m
          [36m<button[39m
            [33mclass[39m=[32m"w-full px-4 
py-3 text-left hover:bg-slate-50 transition-co
lors flex items-center gap-3"[39m
          [36m>[39m
            [36m<span[39m
              [33mclass[39m=[32m"text-cyan-
600 font-mono text-sm"[39m
            [36m>[39m
              [0m2702[0m
            [36m</span>[39m
            [36m<span[39m
              [33mclass[39m=[32m"text-slate
-800"[39m
            [36m>[39m
              [0m日本マクドナルドホールディングス[0m
            [36m</span>[39m
          [36m</button>[39m
        [36m</div>[39m
      [36m</div>[39m
    [36m</div>[39m
  [36m</div>[39m
[36m</body>[39m
[90m [2m❯[22m Object.getElementError node_m
odules/@testing-library/dom/dist/config.js:[2
m37:19[22m[39m
[90m [2m❯[22m node_modules/@testing-library
/dom/dist/query-helpers.js:[2m76:38[22m[39m
[90m [2m❯[22m node_modules/@testing-library
/dom/dist/query-helpers.js:[2m52:17[22m[39m
[90m [2m❯[22m node_modules/@testing-library
/dom/dist/query-helpers.js:[2m95:19[22m[39m
[36m [2m❯[22m src/components/PortfolioManag
er.test.tsx:[2m48:26[22m[39m
    [90m 46|[39m
    [90m 47|[39m     [90m// Click AI search
 button[39m
    [90m 48|[39m     [35mconst[39m aiBtn 
[33m=[39m screen[33m.[39m[34mgetByText[39
m([32m'AIで優待情報を検索'[39m)[33m;[39m
    [90m   |[39m                          [
31m^[39m
    [90m 49|[39m     fireEvent[33m.[39m[3
4mclick[39m(aiBtn)[33m;[39m
    [90m 50|[39m

[31m[2m⎯⎯⎯⎯⎯⎯⎯⎯⎯⎯⎯⎯⎯⎯⎯⎯⎯⎯⎯⎯⎯⎯⎯⎯[1/2]⎯[22m[
39m

[41m[1m FAIL [22m[49m src/components/Portf
olioManager.test.tsx[2m > [22mPortfolioManag
er AI Lookup[2m > [22mSHOULD NOT include Aut
horization header if no session exists
[31m[1mTestingLibraryElementError[22m[39m:
 Unable to find an element with the text: AIで優
待情報を検索. This could be because the text is brok
en up by multiple elements. In this case, you 
can provide a function for your text matcher t
o make your matcher more flexible.

Ignored nodes: comments, script, style
[36m<body>[39m
  [36m<div>[39m
    [36m<div[39m
      [33mclass[39m=[32m"bg-white shadow-sm
 border border-slate-200 rounded-2xl p-6"[39m
    [36m>[39m
      [36m<div[39m
        [33mclass[39m=[32m"flex items-cente
r justify-between mb-4"[39m
      [36m>[39m
        [36m<h2[39m
          [33mclass[39m=[32m"text-xl font-s
emibold text-slate-900"[39m
        [36m>[39m
          [0m保有銘柄[0m
        [36m</h2>[39m
        [36m<button[39m
          [33mclass[39m=[32m"flex items-cen
ter gap-2 px-4 py-2 rounded-xl bg-gradient-to-
r from-cyan-500 to-blue-500 text-white font-me
dium text-sm hover:from-cyan-400 hover:to-blue
-400 transition-all shadow-lg shadow-cyan-500/
25"[39m
        [36m>[39m
          [36m<svg[39m
            [33maria-hidden[39m=[32m"true"
[39m
            [33mclass[39m=[32m"lucide lucid
e-plus w-4 h-4"[39m
            [33mfill[39m=[32m"none"[39m
            [33mheight[39m=[32m"24"[39m
            [33mstroke[39m=[32m"currentColo
r"[39m
            [33mstroke-linecap[39m=[32m"rou
nd"[39m
            [33mstroke-linejoin[39m=[32m"ro
und"[39m
            [33mstroke-width[39m=[32m"2"[3
9m
            [33mviewBox[39m=[32m"0 0 24 24"
[39m
            [33mwidth[39m=[32m"24"[39m
            [33mxmlns[39m=[32m"http://www.w
3.org/2000/svg"[39m
          [36m>[39m
            [36m<path[39m
              [33md[39m=[32m"M5 12h14"[39m
            [36m/>[39m
            [36m<path[39m
              [33md[39m=[32m"M12 5v14"[39m
            [36m/>[39m
          [36m</svg>[39m
          [0m銘柄を追加[0m
        [36m</button>[39m
      [36m</div>[39m
      [36m<div[39m
        [33mclass[39m=[32m"text-center py-1
2"[39m
      [36m>[39m
        [36m<p[39m
          [33mclass[39m=[32m"text-slate-400
 mb-2"[39m
        [36m>[39m
          [0mまだ銘柄が登録されていません[0m
        [36m</p>[39m
        [36m<p[39m
          [33mclass[39m=[32m"text-slate-300
 text-sm"[39m
        [36m>[39m
          [0m「銘柄を追加」から保有株を登録してください[0m
        [36m</p>[39m
      [36m</div>[39m
    [36m</div>[39m
    [36m<div[39m
      [33mclass[39m=[32m"fixed inset-0 bg-s
late-900/40 backdrop-blur-sm flex items-center
 justify-center p-4 z-[9999]"[39m
    [36m>[39m
      [36m<div[39m
        [33mclass[39m=[32m"bg-white border 
border-slate-200 rounded-2xl p-6 max-w-lg w-fu
ll max-h-[90vh] overflow-y-auto shadow-2xl"[3
9m
      [36m>[39m
        [36m<div[39m
          [33mclass[39m=[32m"flex items-cen
ter justify-between mb-6"[39m
        [36m>[39m
          [36m<h3[39m
            [33mclass[39m=[32m"text-xl font
-semibold text-slate-900"[39m
          [36m>[39m
            [0m銘柄を追加[0m
          [36m</h3>[39m
          [36m<button[39m
            [33mclass[39m=[32m"p-2 rounded-
lg text-slate-400 hover:bg-slate-100"[39m
          [36m>[39m
            [36m<svg[39m
              [33maria-hidden[39m=[32m"true
"[39m
              [33mclass[39m=[32m"lucide luc
ide-x w-5 h-5"[39m
              [33mfill[39m=[32m"none"[39m
              [33mheight[39m=[32m"24"[39m
              [33mstroke[39m=[32m"currentCo
lor"[39m
              [33mstroke-linecap[39m=[32m"r
ound"[39m
              [33mstroke-linejoin[39m=[32m"
round"[39m
              [33mstroke-width[39m=[32m"2"
[39m

[2m Test Files [22m [1m[31m1 failed[39m[22m[90m (1)[39m
[2m      Tests [22m [1m[31m2 failed[39m[22m[90m (2)[39m
[2m   Start at [22m 22:34:15
[2m   Duration [22m 2.40s[2m (transform 148ms, setup 179ms, import 417ms, tests 100ms, environment 1.43s)[22m

              [33mviewBox[39m=[32m"0 0 24 2
4"[39m
              [33mwidth[39m=[32m"24"[39m
              [33mxmlns[39m=[32m"http://www
.w3.org/2000/svg"[39m
            [36m>[39m
              [36m<path[39m
                [33md[39m=[32m"M18 6 6 18"
[39m
              [36m/>[39m
              [36m<path[39m
                [33md[39m=[32m"m6 6 12 12"
[39m
              [36m/>[39m
            [36m</svg>[39m
          [36m</button>[39m
        [36m</div>[39m
        [36m<div[39m
          [33mclass[39m=[32m"relative mb-4"
[39m
        [36m>[39m
          [36m<svg[39m
            [33maria-hidden[39m=[32m"true"
[39m
            [33mclass[39m=[32m"lucide lucid
e-search absolute left-3 top-1/2 -translate-y-
1/2 w-5 h-5 text-slate-400"[39m
            [33mfill[39m=[32m"none"[39m
            [33mheight[39m=[32m"24"[39m
            [33mstroke[39m=[32m"currentColo
r"[39m
            [33mstroke-linecap[39m=[32m"rou
nd"[39m
            [33mstroke-linejoin[39m=[32m"ro
und"[39m
            [33mstroke-width[39m=[32m"2"[3
9m
            [33mviewBox[39m=[32m"0 0 24 24"
[39m
            [33mwidth[39m=[32m"24"[39m
            [33mxmlns[39m=[32m"http://www.w
3.org/2000/svg"[39m
          [36m>[39m
            [36m<path[39m
              [33md[39m=[32m"m21 21-4.34-4.
34"[39m
            [36m/>[39m
            [36m<circle[39m
              [33mcx[39m=[32m"11"[39m
              [33mcy[39m=[32m"11"[39m
              [33mr[39m=[32m"8"[39m
            [36m/>[39m
          [36m</svg>[39m
          [36m<input[39m
            [33mclass[39m=[32m"w-full pl-10
 pr-4 py-3 rounded-xl bg-slate-50 border borde
r-slate-200 text-slate-900 placeholder-slate-4
00 focus:outline-none focus:ring-2 focus:ring-
cyan-500/50"[39m
            [33mplaceholder[39m=[32m"例: 270
2, マクドナルド"[39m
            [33mtype[39m=[32m"text"[39m
            [33mvalue[39m=[32m"2702"[39m
          [36m/>[39m
        [36m</div>[39m
        [36m<div[39m
          [33mclass[39m=[32m"mb-4 bg-white 
rounded-xl border border-slate-200 divide-y di
vide-slate-100 shadow-sm overflow-hidden"[39m
        [36m>[39m
          [36m<button[39m
            [33mclass[39m=[32m"w-full px-4 
py-3 text-left hover:bg-slate-50 transition-co
lors flex items-center gap-3"[39m
          [36m>[39m
            [36m<span[39m
              [33mclass[39m=[32m"text-cyan-
600 font-mono text-sm"[39m
            [36m>[39m
              [0m2702[0m
            [36m</span>[39m
            [36m<span[39m
              [33mclass[39m=[32m"text-slate
-800"[39m
            [36m>[39m
              [0m日本マクドナルドホールディングス[0m
            [36m</span>[39m
          [36m</button>[39m
        [36m</div>[39m
      [36m</div>[39m
    [36m</div>[39m
  [36m</div>[39m
[36m</body>[39m
[90m [2m❯[22m Object.getElementError node_m
odules/@testing-library/dom/dist/config.js:[2
m37:19[22m[39m
[90m [2m❯[22m node_modules/@testing-library
/dom/dist/query-helpers.js:[2m76:38[22m[39m
[90m [2m❯[22m node_modules/@testing-library
/dom/dist/query-helpers.js:[2m52:17[22m[39m
[90m [2m❯[22m node_modules/@testing-library
/dom/dist/query-helpers.js:[2m95:19[22m[39m
[36m [2m❯[22m src/components/PortfolioManag
er.test.tsx:[2m76:28[22m[39m
    [90m 74|[39m     fireEvent[33m.[39m[3
4mclick[39m(screen[33m.[39m[34mgetByText[
39m([32m'銘柄を追加'[39m))[33m;[39m
    [90m 75|[39m     fireEvent.change(screen
.getByPlaceholderText('例: 2702, マクドナルド'), {…
    [90m 76|[39m     fireEvent[33m.[39m[3
4mclick[39m(screen[33m.[39m[34mgetByText[
39m([32m'AIで優待情報を検索'[39m))[33m;[39m
    [90m   |[39m                            
[31m^[39m
    [90m 77|[39m
    [90m 78|[39m     [35mawait[39m [34mwa
itFor[39m(() [33m=>[39m {

[31m[2m⎯⎯⎯⎯⎯⎯⎯⎯⎯⎯⎯⎯⎯⎯⎯⎯⎯⎯⎯⎯⎯⎯⎯⎯[2/2]⎯[22m[
39m

